
> my-project@0.1.0 build C:\Desktop\Web Protos\v0-school-website-design
> next build

  Ôû▓ Next.js 14.2.35
  - Environments: .env
  - Experiments (use with caution):
    ┬À instrumentationHook

   Creating an optimized production build ...
node.exe : Failed to 
compile.
At C:\Users\wwwit\AppData\Ro
aming\npm\pnpm.ps1:24 char:5
+     & "node$exe"  "$basedi
r/node_modules/pnpm/bin/pnpm
.cjs" $args
+     ~~~~~~~~~~~~~~~~~~~~~~
~~~~~~~~~~~~~~~~~~~~~~~~~~~~
~~~~~~~~~~~
    + CategoryInfo          
    : NotSpecified: (Faile  
  d to compile.:String) [   
 ], RemoteException
    + FullyQualifiedErrorId 
    : NativeCommandError
 

./lib/sanitize.ts:1:1
Module not found: Can't 
resolve 
'isomorphic-dompurify'
[0m[31m[1m>[22m[39m[90
m 1 |[39m [36mimport[39m 
[33mDOMPurify[39m 
[36mfrom[39m [32m'isomorp
hic-dompurify'[39m[33m;[3
9m[0m
[0m [90m   |[39m 
[31m[1m^[22m[39m[0m
[0m [90m 2 |[39m[0m
[0m [90m 3 |[39m 
[90m/**[39m[0m
[0m [90m 4 |[39m [90m * 
Sanitizes HTML to prevent 
XSS attacks.[39m[0m

https://nextjs.org/docs/mess
ages/module-not-found

Import trace for requested 
module:
./components/public/notice-b
oard.tsx


> Build failed because of 
webpack errors
ÔÇëELIFECYCLEÔÇë Command failed with exit code 1.
